this are logs 


ubuntu@ip-172-31-10-100:~$ sudo apt-get update
Hit:1 http://ap-south-1.ec2.archive.ubuntu.com/ubuntu jammy InRelease
Get:2 http://ap-south-1.ec2.archive.ubuntu.com/ubuntu jammy-updates InRelease [128 kB]
Get:3 http://ap-south-1.ec2.archive.ubuntu.com/ubuntu jammy-backports InRelease [127 kB]
Get:4 http://security.ubuntu.com/ubuntu jammy-security InRelease [129 kB]
Get:5 http://ap-south-1.ec2.archive.ubuntu.com/ubuntu jammy/universe amd64 Packages [14.1 MB]
Get:6 http://ap-south-1.ec2.archive.ubuntu.com/ubuntu jammy/universe Translation-en [5652 kB]
Get:7 http://ap-south-1.ec2.archive.ubuntu.com/ubuntu jammy/universe amd64 c-n-f Metadata [286 kB]
Get:8 http://ap-south-1.ec2.archive.ubuntu.com/ubuntu jammy/multiverse amd64 Packages [217 kB]
Get:9 http://ap-south-1.ec2.archive.ubuntu.com/ubuntu jammy/multiverse Translation-en [112 kB]
Get:10 http://ap-south-1.ec2.archive.ubuntu.com/ubuntu jammy/multiverse amd64 c-n-f Metadata [8372 B]
Get:11 http://ap-south-1.ec2.archive.ubuntu.com/ubuntu jammy-updates/main amd64 Packages [2276 kB]
Get:12 http://ap-south-1.ec2.archive.ubuntu.com/ubuntu jammy-updates/main Translation-en [382 kB]
Get:13 http://ap-south-1.ec2.archive.ubuntu.com/ubuntu jammy-updates/main amd64 c-n-f Metadata [17.9 kB]
Get:14 http://ap-south-1.ec2.archive.ubuntu.com/ubuntu jammy-updates/restricted amd64 Packages [2877 kB]
Get:15 http://ap-south-1.ec2.archive.ubuntu.com/ubuntu jammy-updates/restricted Translation-en [501 kB]
Get:16 http://ap-south-1.ec2.archive.ubuntu.com/ubuntu jammy-updates/restricted amd64 c-n-f Metadata [612 B]
Get:17 http://ap-south-1.ec2.archive.ubuntu.com/ubuntu jammy-updates/universe amd64 Packages [1182 kB]
Get:18 http://ap-south-1.ec2.archive.ubuntu.com/ubuntu jammy-updates/universe Translation-en [289 kB]
Get:19 http://ap-south-1.ec2.archive.ubuntu.com/ubuntu jammy-updates/universe amd64 c-n-f Metadata [26.4 kB]
Get:20 http://ap-south-1.ec2.archive.ubuntu.com/ubuntu jammy-updates/multiverse amd64 Packages [44.5 kB]
Get:21 http://ap-south-1.ec2.archive.ubuntu.com/ubuntu jammy-updates/multiverse Translation-en [11.5 kB]
Get:22 http://ap-south-1.ec2.archive.ubuntu.com/ubuntu jammy-updates/multiverse amd64 c-n-f Metadata [440 B]
Get:23 http://ap-south-1.ec2.archive.ubuntu.com/ubuntu jammy-backports/main amd64 Packages [67.7 kB]
Get:24 http://ap-south-1.ec2.archive.ubuntu.com/ubuntu jammy-backports/main Translation-en [11.1 kB]
Get:25 http://ap-south-1.ec2.archive.ubuntu.com/ubuntu jammy-backports/main amd64 c-n-f Metadata [388 B]
Get:26 http://ap-south-1.ec2.archive.ubuntu.com/ubuntu jammy-backports/restricted amd64 c-n-f Metadata [116 B]
Get:27 http://ap-south-1.ec2.archive.ubuntu.com/ubuntu jammy-backports/universe amd64 Packages [28.9 kB]
Get:28 http://ap-south-1.ec2.archive.ubuntu.com/ubuntu jammy-backports/universe Translation-en [16.5 kB]
Get:29 http://ap-south-1.ec2.archive.ubuntu.com/ubuntu jammy-backports/universe amd64 c-n-f Metadata [672 B]
Get:30 http://ap-south-1.ec2.archive.ubuntu.com/ubuntu jammy-backports/multiverse amd64 c-n-f Metadata [116 B]
Get:31 http://security.ubuntu.com/ubuntu jammy-security/main amd64 Packages [2041 kB]
Get:32 http://security.ubuntu.com/ubuntu jammy-security/main Translation-en [321 kB]
Get:33 http://security.ubuntu.com/ubuntu jammy-security/main amd64 c-n-f Metadata [13.3 kB]
Get:34 http://security.ubuntu.com/ubuntu jammy-security/restricted amd64 Packages [2772 kB]
Get:35 http://security.ubuntu.com/ubuntu jammy-security/restricted Translation-en [484 kB]
Get:36 http://security.ubuntu.com/ubuntu jammy-security/restricted amd64 c-n-f Metadata [580 B]
Get:37 http://security.ubuntu.com/ubuntu jammy-security/universe amd64 Packages [959 kB]
Get:38 http://security.ubuntu.com/ubuntu jammy-security/universe Translation-en [204 kB]
Get:39 http://security.ubuntu.com/ubuntu jammy-security/universe amd64 c-n-f Metadata [19.5 kB]
Get:40 http://security.ubuntu.com/ubuntu jammy-security/multiverse amd64 Packages [37.6 kB]
Get:41 http://security.ubuntu.com/ubuntu jammy-security/multiverse Translation-en [8260 B]
Get:42 http://security.ubuntu.com/ubuntu jammy-security/multiverse amd64 c-n-f Metadata [224 B]
Fetched 35.3 MB in 7s (5327 kB/s)
Reading package lists... Done
ubuntu@ip-172-31-10-100:~$ sudo useradd rahul
ubuntu@ip-172-31-10-100:~$ usermod -aG sudo rahul
usermod: Permission denied.
usermod: cannot lock /etc/passwd; try again later.
ubuntu@ip-172-31-10-100:~$ sudo usermod -aG sudo rahul
ubuntu@ip-172-31-10-100:~$ su - rahul
Password:
su: Authentication failure
ubuntu@ip-172-31-10-100:~$ su - rahul
Password:
su: Authentication failure
ubuntu@ip-172-31-10-100:~$ su - rahul
Password:
su: Authentication failure
ubuntu@ip-172-31-10-100:~$ sudo passwd rahul
New password:
Retype new password:
passwd: password updated successfully
ubuntu@ip-172-31-10-100:~$ su - rahul
Password:
su: warning: cannot change directory to /home/rahul: No such file or directory
$ sudo apt-get update
[sudo] password for rahul:
Hit:1 http://ap-south-1.ec2.archive.ubuntu.com/ubuntu jammy InRelease
Get:2 http://ap-south-1.ec2.archive.ubuntu.com/ubuntu jammy-updates InRelease [128 kB]
Hit:3 http://ap-south-1.ec2.archive.ubuntu.com/ubuntu jammy-backports InRelease
Hit:4 http://security.ubuntu.com/ubuntu jammy-security InRelease
Fetched 128 kB in 1s (185 kB/s)
Reading package lists... Done
$ sudo apt-get upgrade
Reading package lists... Done
Building dependency tree... Done
Reading state information... Done
Calculating upgrade... Done
The following packages have been kept back:
  linux-aws linux-headers-aws linux-image-aws sosreport
The following packages will be upgraded:
  amd64-microcode bind9-dnsutils bind9-host bind9-libs cloud-init curl distro-info-data dmidecode gir1.2-packagekitglib-1.0 git
  git-man intel-microcode libarchive13 libcurl3-gnutls libcurl4 libexpat1 libglib2.0-0 libglib2.0-bin libglib2.0-data
  libgstreamer1.0-0 libmodule-scandeps-perl libpackagekit-glib2-18 libpython3.10 libpython3.10-minimal libpython3.10-stdlib
  linux-tools-common nano needrestart packagekit packagekit-tools python3-twisted python3-urllib3 python3.10 python3.10-minimal rsync
  snapd vim vim-common vim-runtime vim-tiny xxd
41 upgraded, 0 newly installed, 0 to remove and 4 not upgraded.
Need to get 65.3 MB of archives.
After this operation, 5396 kB of additional disk space will be used.
Do you want to continue? [Y/n] y
Get:1 http://ap-south-1.ec2.archive.ubuntu.com/ubuntu jammy-updates/main amd64 libexpat1 amd64 2.4.7-1ubuntu0.5 [91.5 kB]
Get:2 http://ap-south-1.ec2.archive.ubuntu.com/ubuntu jammy-updates/main amd64 libpython3.10 amd64 3.10.12-1~22.04.7 [1949 kB]
Get:3 http://ap-south-1.ec2.archive.ubuntu.com/ubuntu jammy-updates/main amd64 python3.10 amd64 3.10.12-1~22.04.7 [509 kB]
Get:4 http://ap-south-1.ec2.archive.ubuntu.com/ubuntu jammy-updates/main amd64 libpython3.10-stdlib amd64 3.10.12-1~22.04.7 [1850 kB]
Get:5 http://ap-south-1.ec2.archive.ubuntu.com/ubuntu jammy-updates/main amd64 python3.10-minimal amd64 3.10.12-1~22.04.7 [2279 kB]
Get:6 http://ap-south-1.ec2.archive.ubuntu.com/ubuntu jammy-updates/main amd64 libpython3.10-minimal amd64 3.10.12-1~22.04.7 [814 kB]
Get:7 http://ap-south-1.ec2.archive.ubuntu.com/ubuntu jammy-updates/main amd64 rsync amd64 3.2.7-0ubuntu0.22.04.3 [437 kB]
Get:8 http://ap-south-1.ec2.archive.ubuntu.com/ubuntu jammy-updates/main amd64 distro-info-data all 0.52ubuntu0.8 [5302 B]
Get:9 http://ap-south-1.ec2.archive.ubuntu.com/ubuntu jammy-updates/main amd64 libglib2.0-data all 2.72.4-0ubuntu2.4 [4582 B]
Get:10 http://ap-south-1.ec2.archive.ubuntu.com/ubuntu jammy-updates/main amd64 libglib2.0-bin amd64 2.72.4-0ubuntu2.4 [80.9 kB]
Get:11 http://ap-south-1.ec2.archive.ubuntu.com/ubuntu jammy-updates/main amd64 libglib2.0-0 amd64 2.72.4-0ubuntu2.4 [1465 kB]
Get:12 http://ap-south-1.ec2.archive.ubuntu.com/ubuntu jammy-updates/main amd64 vim amd64 2:8.2.3995-1ubuntu2.21 [1729 kB]
Get:13 http://ap-south-1.ec2.archive.ubuntu.com/ubuntu jammy-updates/main amd64 vim-tiny amd64 2:8.2.3995-1ubuntu2.21 [708 kB]
Get:14 http://ap-south-1.ec2.archive.ubuntu.com/ubuntu jammy-updates/main amd64 vim-runtime all 2:8.2.3995-1ubuntu2.21 [6834 kB]
Get:15 http://ap-south-1.ec2.archive.ubuntu.com/ubuntu jammy-updates/main amd64 xxd amd64 2:8.2.3995-1ubuntu2.21 [52.3 kB]
Get:16 http://ap-south-1.ec2.archive.ubuntu.com/ubuntu jammy-updates/main amd64 vim-common all 2:8.2.3995-1ubuntu2.21 [81.5 kB]
Get:17 http://ap-south-1.ec2.archive.ubuntu.com/ubuntu jammy-updates/main amd64 bind9-host amd64 1:9.18.30-0ubuntu0.22.04.1 [52.1 kB]
Get:18 http://ap-south-1.ec2.archive.ubuntu.com/ubuntu jammy-updates/main amd64 bind9-dnsutils amd64 1:9.18.30-0ubuntu0.22.04.1 [158 kB]
Get:19 http://ap-south-1.ec2.archive.ubuntu.com/ubuntu jammy-updates/main amd64 bind9-libs amd64 1:9.18.30-0ubuntu0.22.04.1 [1257 kB]
Get:20 http://ap-south-1.ec2.archive.ubuntu.com/ubuntu jammy-updates/main amd64 dmidecode amd64 3.3-3ubuntu0.2 [68.5 kB]
Get:21 http://ap-south-1.ec2.archive.ubuntu.com/ubuntu jammy-updates/main amd64 nano amd64 6.2-1ubuntu0.1 [280 kB]
Get:22 http://ap-south-1.ec2.archive.ubuntu.com/ubuntu jammy-updates/main amd64 curl amd64 7.81.0-1ubuntu1.20 [194 kB]
Get:23 http://ap-south-1.ec2.archive.ubuntu.com/ubuntu jammy-updates/main amd64 libcurl4 amd64 7.81.0-1ubuntu1.20 [289 kB]
Get:24 http://ap-south-1.ec2.archive.ubuntu.com/ubuntu jammy-updates/main amd64 libpackagekit-glib2-18 amd64 1.2.5-2ubuntu3 [124 kB]
Get:25 http://ap-south-1.ec2.archive.ubuntu.com/ubuntu jammy-updates/main amd64 gir1.2-packagekitglib-1.0 amd64 1.2.5-2ubuntu3 [25.3 kB]
Get:26 http://ap-south-1.ec2.archive.ubuntu.com/ubuntu jammy-updates/main amd64 libcurl3-gnutls amd64 7.81.0-1ubuntu1.20 [284 kB]
Get:27 http://ap-south-1.ec2.archive.ubuntu.com/ubuntu jammy-updates/main amd64 git-man all 1:2.34.1-1ubuntu1.12 [955 kB]
Get:28 http://ap-south-1.ec2.archive.ubuntu.com/ubuntu jammy-updates/main amd64 git amd64 1:2.34.1-1ubuntu1.12 [3165 kB]
Get:29 http://ap-south-1.ec2.archive.ubuntu.com/ubuntu jammy-updates/main amd64 libarchive13 amd64 3.6.0-1ubuntu1.3 [369 kB]
Get:30 http://ap-south-1.ec2.archive.ubuntu.com/ubuntu jammy-updates/main amd64 libgstreamer1.0-0 amd64 1.20.3-0ubuntu1.1 [984 kB]
Get:31 http://ap-south-1.ec2.archive.ubuntu.com/ubuntu jammy-updates/main amd64 libmodule-scandeps-perl all 1.31-1ubuntu0.1 [30.7 kB]
Get:32 http://ap-south-1.ec2.archive.ubuntu.com/ubuntu jammy-updates/main amd64 linux-tools-common all 5.15.0-130.140 [284 kB]
Get:33 http://ap-south-1.ec2.archive.ubuntu.com/ubuntu jammy-updates/main amd64 needrestart all 3.5-5ubuntu2.4 [45.2 kB]
Get:34 http://ap-south-1.ec2.archive.ubuntu.com/ubuntu jammy-updates/main amd64 packagekit-tools amd64 1.2.5-2ubuntu3 [28.8 kB]
Get:35 http://ap-south-1.ec2.archive.ubuntu.com/ubuntu jammy-updates/main amd64 packagekit amd64 1.2.5-2ubuntu3 [442 kB]
Get:36 http://ap-south-1.ec2.archive.ubuntu.com/ubuntu jammy-updates/main amd64 python3-twisted all 22.1.0-2ubuntu2.6 [2007 kB]
Get:37 http://ap-south-1.ec2.archive.ubuntu.com/ubuntu jammy-updates/main amd64 python3-urllib3 all 1.26.5-1~exp1ubuntu0.2 [98.3 kB]
Get:38 http://ap-south-1.ec2.archive.ubuntu.com/ubuntu jammy-updates/main amd64 snapd amd64 2.66.1+22.04 [27.6 MB]
Get:39 http://ap-south-1.ec2.archive.ubuntu.com/ubuntu jammy-updates/main amd64 amd64-microcode amd64 3.20191218.1ubuntu2.3 [67.9 kB]
Get:40 http://ap-south-1.ec2.archive.ubuntu.com/ubuntu jammy-updates/main amd64 cloud-init all 24.4-0ubuntu1~22.04.1 [565 kB]
Get:41 http://ap-south-1.ec2.archive.ubuntu.com/ubuntu jammy-updates/main amd64 intel-microcode amd64 3.20241112.0ubuntu0.22.04.1 [7045 kB]
Fetched 65.3 MB in 1s (64.3 MB/s)
Extracting templates from packages: 100%
Preconfiguring packages ...
(Reading database ... 65783 files and directories currently installed.)
Preparing to unpack .../00-libexpat1_2.4.7-1ubuntu0.5_amd64.deb ...
Unpacking libexpat1:amd64 (2.4.7-1ubuntu0.5) over (2.4.7-1ubuntu0.4) ...
Preparing to unpack .../01-libpython3.10_3.10.12-1~22.04.7_amd64.deb ...
Unpacking libpython3.10:amd64 (3.10.12-1~22.04.7) over (3.10.12-1~22.04.6) ...
Preparing to unpack .../02-python3.10_3.10.12-1~22.04.7_amd64.deb ...
Unpacking python3.10 (3.10.12-1~22.04.7) over (3.10.12-1~22.04.6) ...
Preparing to unpack .../03-libpython3.10-stdlib_3.10.12-1~22.04.7_amd64.deb ...
Unpacking libpython3.10-stdlib:amd64 (3.10.12-1~22.04.7) over (3.10.12-1~22.04.6) ...
Preparing to unpack .../04-python3.10-minimal_3.10.12-1~22.04.7_amd64.deb ...
Unpacking python3.10-minimal (3.10.12-1~22.04.7) over (3.10.12-1~22.04.6) ...
Preparing to unpack .../05-libpython3.10-minimal_3.10.12-1~22.04.7_amd64.deb ...
Unpacking libpython3.10-minimal:amd64 (3.10.12-1~22.04.7) over (3.10.12-1~22.04.6) ...
Preparing to unpack .../06-rsync_3.2.7-0ubuntu0.22.04.3_amd64.deb ...
Unpacking rsync (3.2.7-0ubuntu0.22.04.3) over (3.2.7-0ubuntu0.22.04.2) ...
Preparing to unpack .../07-distro-info-data_0.52ubuntu0.8_all.deb ...
Unpacking distro-info-data (0.52ubuntu0.8) over (0.52ubuntu0.7) ...
Preparing to unpack .../08-libglib2.0-data_2.72.4-0ubuntu2.4_all.deb ...
Unpacking libglib2.0-data (2.72.4-0ubuntu2.4) over (2.72.4-0ubuntu2.3) ...
Preparing to unpack .../09-libglib2.0-bin_2.72.4-0ubuntu2.4_amd64.deb ...
Unpacking libglib2.0-bin (2.72.4-0ubuntu2.4) over (2.72.4-0ubuntu2.3) ...
Preparing to unpack .../10-libglib2.0-0_2.72.4-0ubuntu2.4_amd64.deb ...
Unpacking libglib2.0-0:amd64 (2.72.4-0ubuntu2.4) over (2.72.4-0ubuntu2.3) ...
Preparing to unpack .../11-vim_2%3a8.2.3995-1ubuntu2.21_amd64.deb ...
Unpacking vim (2:8.2.3995-1ubuntu2.21) over (2:8.2.3995-1ubuntu2.18) ...
Preparing to unpack .../12-vim-tiny_2%3a8.2.3995-1ubuntu2.21_amd64.deb ...
Unpacking vim-tiny (2:8.2.3995-1ubuntu2.21) over (2:8.2.3995-1ubuntu2.18) ...
Preparing to unpack .../13-vim-runtime_2%3a8.2.3995-1ubuntu2.21_all.deb ...
Unpacking vim-runtime (2:8.2.3995-1ubuntu2.21) over (2:8.2.3995-1ubuntu2.18) ...
Preparing to unpack .../14-xxd_2%3a8.2.3995-1ubuntu2.21_amd64.deb ...
Unpacking xxd (2:8.2.3995-1ubuntu2.21) over (2:8.2.3995-1ubuntu2.18) ...
Preparing to unpack .../15-vim-common_2%3a8.2.3995-1ubuntu2.21_all.deb ...
Unpacking vim-common (2:8.2.3995-1ubuntu2.21) over (2:8.2.3995-1ubuntu2.18) ...
Preparing to unpack .../16-bind9-host_1%3a9.18.30-0ubuntu0.22.04.1_amd64.deb ...
Unpacking bind9-host (1:9.18.30-0ubuntu0.22.04.1) over (1:9.18.28-0ubuntu0.22.04.1) ...
Preparing to unpack .../17-bind9-dnsutils_1%3a9.18.30-0ubuntu0.22.04.1_amd64.deb ...
Unpacking bind9-dnsutils (1:9.18.30-0ubuntu0.22.04.1) over (1:9.18.28-0ubuntu0.22.04.1) ...
Preparing to unpack .../18-bind9-libs_1%3a9.18.30-0ubuntu0.22.04.1_amd64.deb ...
Unpacking bind9-libs:amd64 (1:9.18.30-0ubuntu0.22.04.1) over (1:9.18.28-0ubuntu0.22.04.1) ...
Preparing to unpack .../19-dmidecode_3.3-3ubuntu0.2_amd64.deb ...
Unpacking dmidecode (3.3-3ubuntu0.2) over (3.3-3ubuntu0.1) ...
Preparing to unpack .../20-nano_6.2-1ubuntu0.1_amd64.deb ...
Unpacking nano (6.2-1ubuntu0.1) over (6.2-1) ...
Preparing to unpack .../21-curl_7.81.0-1ubuntu1.20_amd64.deb ...
Unpacking curl (7.81.0-1ubuntu1.20) over (7.81.0-1ubuntu1.18) ...
Preparing to unpack .../22-libcurl4_7.81.0-1ubuntu1.20_amd64.deb ...
Unpacking libcurl4:amd64 (7.81.0-1ubuntu1.20) over (7.81.0-1ubuntu1.18) ...
Preparing to unpack .../23-libpackagekit-glib2-18_1.2.5-2ubuntu3_amd64.deb ...
Unpacking libpackagekit-glib2-18:amd64 (1.2.5-2ubuntu3) over (1.2.5-2ubuntu2) ...
Preparing to unpack .../24-gir1.2-packagekitglib-1.0_1.2.5-2ubuntu3_amd64.deb ...
Unpacking gir1.2-packagekitglib-1.0 (1.2.5-2ubuntu3) over (1.2.5-2ubuntu2) ...
Preparing to unpack .../25-libcurl3-gnutls_7.81.0-1ubuntu1.20_amd64.deb ...
Unpacking libcurl3-gnutls:amd64 (7.81.0-1ubuntu1.20) over (7.81.0-1ubuntu1.18) ...
Preparing to unpack .../26-git-man_1%3a2.34.1-1ubuntu1.12_all.deb ...
Unpacking git-man (1:2.34.1-1ubuntu1.12) over (1:2.34.1-1ubuntu1.11) ...
Preparing to unpack .../27-git_1%3a2.34.1-1ubuntu1.12_amd64.deb ...
Unpacking git (1:2.34.1-1ubuntu1.12) over (1:2.34.1-1ubuntu1.11) ...
Preparing to unpack .../28-libarchive13_3.6.0-1ubuntu1.3_amd64.deb ...
Unpacking libarchive13:amd64 (3.6.0-1ubuntu1.3) over (3.6.0-1ubuntu1.1) ...
Preparing to unpack .../29-libgstreamer1.0-0_1.20.3-0ubuntu1.1_amd64.deb ...
Unpacking libgstreamer1.0-0:amd64 (1.20.3-0ubuntu1.1) over (1.20.3-0ubuntu1) ...
Preparing to unpack .../30-libmodule-scandeps-perl_1.31-1ubuntu0.1_all.deb ...
Unpacking libmodule-scandeps-perl (1.31-1ubuntu0.1) over (1.31-1) ...
Preparing to unpack .../31-linux-tools-common_5.15.0-130.140_all.deb ...
Unpacking linux-tools-common (5.15.0-130.140) over (5.15.0-122.132) ...
Preparing to unpack .../32-needrestart_3.5-5ubuntu2.4_all.deb ...
Unpacking needrestart (3.5-5ubuntu2.4) over (3.5-5ubuntu2.1) ...
Preparing to unpack .../33-packagekit-tools_1.2.5-2ubuntu3_amd64.deb ...
Unpacking packagekit-tools (1.2.5-2ubuntu3) over (1.2.5-2ubuntu2) ...
Preparing to unpack .../34-packagekit_1.2.5-2ubuntu3_amd64.deb ...
Unpacking packagekit (1.2.5-2ubuntu3) over (1.2.5-2ubuntu2) ...
Preparing to unpack .../35-python3-twisted_22.1.0-2ubuntu2.6_all.deb ...
Unpacking python3-twisted (22.1.0-2ubuntu2.6) over (22.1.0-2ubuntu2.5) ...
Preparing to unpack .../36-python3-urllib3_1.26.5-1~exp1ubuntu0.2_all.deb ...
Unpacking python3-urllib3 (1.26.5-1~exp1ubuntu0.2) over (1.26.5-1~exp1ubuntu0.1) ...
Preparing to unpack .../37-snapd_2.66.1+22.04_amd64.deb ...
Unpacking snapd (2.66.1+22.04) over (2.63+22.04ubuntu0.1) ...
Preparing to unpack .../38-amd64-microcode_3.20191218.1ubuntu2.3_amd64.deb ...
Unpacking amd64-microcode (3.20191218.1ubuntu2.3) over (3.20191218.1ubuntu2.2) ...
Preparing to unpack .../39-cloud-init_24.4-0ubuntu1~22.04.1_all.deb ...
Unpacking cloud-init (24.4-0ubuntu1~22.04.1) over (24.3.1-0ubuntu0~22.04.1) ...
Preparing to unpack .../40-intel-microcode_3.20241112.0ubuntu0.22.04.1_amd64.deb ...
Unpacking intel-microcode (3.20241112.0ubuntu0.22.04.1) over (3.20240910.0ubuntu0.22.04.1) ...
Setting up libexpat1:amd64 (2.4.7-1ubuntu0.5) ...
Setting up snapd (2.66.1+22.04) ...
Installing new version of config file /etc/apparmor.d/usr.lib.snapd.snap-confine.real ...
snapd.failure.service is a disabled or a static unit not running, not starting it.
snapd.snap-repair.service is a disabled or a static unit not running, not starting it.
Setting up cloud-init (24.4-0ubuntu1~22.04.1) ...
Setting up bind9-libs:amd64 (1:9.18.30-0ubuntu0.22.04.1) ...
Setting up libarchive13:amd64 (3.6.0-1ubuntu1.3) ...
Setting up libglib2.0-0:amd64 (2.72.4-0ubuntu2.4) ...
No schema files found: doing nothing.
Setting up distro-info-data (0.52ubuntu0.8) ...
Setting up intel-microcode (3.20241112.0ubuntu0.22.04.1) ...
update-initramfs: deferring update (trigger activated)
intel-microcode: microcode will be updated at next boot
Setting up libpackagekit-glib2-18:amd64 (1.2.5-2ubuntu3) ...
Setting up libcurl3-gnutls:amd64 (7.81.0-1ubuntu1.20) ...
Setting up amd64-microcode (3.20191218.1ubuntu2.3) ...
update-initramfs: deferring update (trigger activated)
amd64-microcode: microcode will be updated at next boot
Setting up xxd (2:8.2.3995-1ubuntu2.21) ...
Setting up gir1.2-packagekitglib-1.0 (1.2.5-2ubuntu3) ...
Setting up libglib2.0-data (2.72.4-0ubuntu2.4) ...
Setting up vim-common (2:8.2.3995-1ubuntu2.21) ...
Setting up python3-twisted (22.1.0-2ubuntu2.6) ...
Setting up libpython3.10-minimal:amd64 (3.10.12-1~22.04.7) ...
Setting up python3-urllib3 (1.26.5-1~exp1ubuntu0.2) ...
Setting up nano (6.2-1ubuntu0.1) ...
Setting up libcurl4:amd64 (7.81.0-1ubuntu1.20) ...
Setting up git-man (1:2.34.1-1ubuntu1.12) ...
Setting up curl (7.81.0-1ubuntu1.20) ...
Setting up dmidecode (3.3-3ubuntu0.2) ...
Setting up vim-runtime (2:8.2.3995-1ubuntu2.21) ...
Setting up bind9-host (1:9.18.30-0ubuntu0.22.04.1) ...
Setting up linux-tools-common (5.15.0-130.140) ...
Setting up libmodule-scandeps-perl (1.31-1ubuntu0.1) ...
Setting up libgstreamer1.0-0:amd64 (1.20.3-0ubuntu1.1) ...
Setcap worked! gst-ptp-helper is not suid!
Setting up rsync (3.2.7-0ubuntu0.22.04.3) ...
rsync.service is a disabled or a static unit not running, not starting it.
Setting up needrestart (3.5-5ubuntu2.4) ...
Setting up libglib2.0-bin (2.72.4-0ubuntu2.4) ...
Setting up vim-tiny (2:8.2.3995-1ubuntu2.21) ...
Setting up python3.10-minimal (3.10.12-1~22.04.7) ...
Setting up libpython3.10-stdlib:amd64 (3.10.12-1~22.04.7) ...
Setting up git (1:2.34.1-1ubuntu1.12) ...
Setting up packagekit (1.2.5-2ubuntu3) ...
Setting up bind9-dnsutils (1:9.18.30-0ubuntu0.22.04.1) ...
Setting up packagekit-tools (1.2.5-2ubuntu3) ...
Setting up libpython3.10:amd64 (3.10.12-1~22.04.7) ...
Setting up vim (2:8.2.3995-1ubuntu2.21) ...
Setting up python3.10 (3.10.12-1~22.04.7) ...
Processing triggers for rsyslog (8.2112.0-2ubuntu2.2) ...
Processing triggers for man-db (2.10.2-1) ...
Processing triggers for microcode-initrd (2build1) ...
Processing triggers for dbus (1.12.20-2ubuntu4.1) ...
Processing triggers for install-info (6.8-4build1) ...
Processing triggers for libc-bin (2.35-0ubuntu3.8) ...
Processing triggers for initramfs-tools (0.140ubuntu13.4) ...
update-initramfs: Generating /boot/initrd.img-6.8.0-1015-aws
Scanning processes...
Scanning candidates...
Scanning linux images...

Running kernel seems to be up-to-date.

Restarting services...
 systemctl restart irqbalance.service polkit.service
Service restarts being deferred:
 /etc/needrestart/restart.d/dbus.service
 systemctl restart networkd-dispatcher.service
 systemctl restart unattended-upgrades.service

No containers need to be restarted.

No user sessions are running outdated binaries.

No VM guests are running outdated hypervisor (qemu) binaries on this host.
$ sudo apt-get install nginx
Reading package lists... Done
Building dependency tree... Done
Reading state information... Done
The following additional packages will be installed:
  fontconfig-config fonts-dejavu-core libdeflate0 libfontconfig1 libgd3 libjbig0 libjpeg-turbo8 libjpeg8 libnginx-mod-http-geoip2
  libnginx-mod-http-image-filter libnginx-mod-http-xslt-filter libnginx-mod-mail libnginx-mod-stream libnginx-mod-stream-geoip2
  libtiff5 libwebp7 libxpm4 nginx-common nginx-core
Suggested packages:
  libgd-tools fcgiwrap nginx-doc ssl-cert
The following NEW packages will be installed:
  fontconfig-config fonts-dejavu-core libdeflate0 libfontconfig1 libgd3 libjbig0 libjpeg-turbo8 libjpeg8 libnginx-mod-http-geoip2
  libnginx-mod-http-image-filter libnginx-mod-http-xslt-filter libnginx-mod-mail libnginx-mod-stream libnginx-mod-stream-geoip2
  libtiff5 libwebp7 libxpm4 nginx nginx-common nginx-core
0 upgraded, 20 newly installed, 0 to remove and 4 not upgraded.
Need to get 2693 kB of archives.
After this operation, 8346 kB of additional disk space will be used.
Do you want to continue? [Y/n] y
Get:1 http://ap-south-1.ec2.archive.ubuntu.com/ubuntu jammy/main amd64 fonts-dejavu-core all 2.37-2build1 [1041 kB]
Get:2 http://ap-south-1.ec2.archive.ubuntu.com/ubuntu jammy/main amd64 fontconfig-config all 2.13.1-4.2ubuntu5 [29.1 kB]
Get:3 http://ap-south-1.ec2.archive.ubuntu.com/ubuntu jammy/main amd64 libdeflate0 amd64 1.10-2 [70.9 kB]
Get:4 http://ap-south-1.ec2.archive.ubuntu.com/ubuntu jammy/main amd64 libfontconfig1 amd64 2.13.1-4.2ubuntu5 [131 kB]
Get:5 http://ap-south-1.ec2.archive.ubuntu.com/ubuntu jammy/main amd64 libjpeg-turbo8 amd64 2.1.2-0ubuntu1 [134 kB]
Get:6 http://ap-south-1.ec2.archive.ubuntu.com/ubuntu jammy/main amd64 libjpeg8 amd64 8c-2ubuntu10 [2264 B]
Get:7 http://ap-south-1.ec2.archive.ubuntu.com/ubuntu jammy-updates/main amd64 libjbig0 amd64 2.1-3.1ubuntu0.22.04.1 [29.2 kB]
Get:8 http://ap-south-1.ec2.archive.ubuntu.com/ubuntu jammy-updates/main amd64 libwebp7 amd64 1.2.2-2ubuntu0.22.04.2 [206 kB]
Get:9 http://ap-south-1.ec2.archive.ubuntu.com/ubuntu jammy-updates/main amd64 libtiff5 amd64 4.3.0-6ubuntu0.10 [185 kB]
Get:10 http://ap-south-1.ec2.archive.ubuntu.com/ubuntu jammy-updates/main amd64 libxpm4 amd64 1:3.5.12-1ubuntu0.22.04.2 [36.7 kB]
Get:11 http://ap-south-1.ec2.archive.ubuntu.com/ubuntu jammy-updates/main amd64 libgd3 amd64 2.3.0-2ubuntu2.3 [129 kB]
Get:12 http://ap-south-1.ec2.archive.ubuntu.com/ubuntu jammy-updates/main amd64 nginx-common all 1.18.0-6ubuntu14.5 [40.1 kB]
Get:13 http://ap-south-1.ec2.archive.ubuntu.com/ubuntu jammy-updates/main amd64 libnginx-mod-http-geoip2 amd64 1.18.0-6ubuntu14.5 [12.0 kB]
Get:14 http://ap-south-1.ec2.archive.ubuntu.com/ubuntu jammy-updates/main amd64 libnginx-mod-http-image-filter amd64 1.18.0-6ubuntu14.5 [15.5 kB]
Get:15 http://ap-south-1.ec2.archive.ubuntu.com/ubuntu jammy-updates/main amd64 libnginx-mod-http-xslt-filter amd64 1.18.0-6ubuntu14.5 [13.8 kB]
Get:16 http://ap-south-1.ec2.archive.ubuntu.com/ubuntu jammy-updates/main amd64 libnginx-mod-mail amd64 1.18.0-6ubuntu14.5 [45.8 kB]
Get:17 http://ap-south-1.ec2.archive.ubuntu.com/ubuntu jammy-updates/main amd64 libnginx-mod-stream amd64 1.18.0-6ubuntu14.5 [72.8 kB]
Get:18 http://ap-south-1.ec2.archive.ubuntu.com/ubuntu jammy-updates/main amd64 libnginx-mod-stream-geoip2 amd64 1.18.0-6ubuntu14.5 [10.1 kB]
Get:19 http://ap-south-1.ec2.archive.ubuntu.com/ubuntu jammy-updates/main amd64 nginx-core amd64 1.18.0-6ubuntu14.5 [483 kB]
Get:20 http://ap-south-1.ec2.archive.ubuntu.com/ubuntu jammy-updates/main amd64 nginx amd64 1.18.0-6ubuntu14.5 [3882 B]
Fetched 2693 kB in 0s (25.9 MB/s)
Preconfiguring packages ...
Selecting previously unselected package fonts-dejavu-core.
(Reading database ... 65789 files and directories currently installed.)
Preparing to unpack .../00-fonts-dejavu-core_2.37-2build1_all.deb ...
Unpacking fonts-dejavu-core (2.37-2build1) ...
Selecting previously unselected package fontconfig-config.
Preparing to unpack .../01-fontconfig-config_2.13.1-4.2ubuntu5_all.deb ...
Unpacking fontconfig-config (2.13.1-4.2ubuntu5) ...
Selecting previously unselected package libdeflate0:amd64.
Preparing to unpack .../02-libdeflate0_1.10-2_amd64.deb ...
Unpacking libdeflate0:amd64 (1.10-2) ...
Selecting previously unselected package libfontconfig1:amd64.
Preparing to unpack .../03-libfontconfig1_2.13.1-4.2ubuntu5_amd64.deb ...
Unpacking libfontconfig1:amd64 (2.13.1-4.2ubuntu5) ...
Selecting previously unselected package libjpeg-turbo8:amd64.
Preparing to unpack .../04-libjpeg-turbo8_2.1.2-0ubuntu1_amd64.deb ...
Unpacking libjpeg-turbo8:amd64 (2.1.2-0ubuntu1) ...
Selecting previously unselected package libjpeg8:amd64.
Preparing to unpack .../05-libjpeg8_8c-2ubuntu10_amd64.deb ...
Unpacking libjpeg8:amd64 (8c-2ubuntu10) ...
Selecting previously unselected package libjbig0:amd64.
Preparing to unpack .../06-libjbig0_2.1-3.1ubuntu0.22.04.1_amd64.deb ...
Unpacking libjbig0:amd64 (2.1-3.1ubuntu0.22.04.1) ...
Selecting previously unselected package libwebp7:amd64.
Preparing to unpack .../07-libwebp7_1.2.2-2ubuntu0.22.04.2_amd64.deb ...
Unpacking libwebp7:amd64 (1.2.2-2ubuntu0.22.04.2) ...
Selecting previously unselected package libtiff5:amd64.
Preparing to unpack .../08-libtiff5_4.3.0-6ubuntu0.10_amd64.deb ...
Unpacking libtiff5:amd64 (4.3.0-6ubuntu0.10) ...
Selecting previously unselected package libxpm4:amd64.
Preparing to unpack .../09-libxpm4_1%3a3.5.12-1ubuntu0.22.04.2_amd64.deb ...
Unpacking libxpm4:amd64 (1:3.5.12-1ubuntu0.22.04.2) ...
Selecting previously unselected package libgd3:amd64.
Preparing to unpack .../10-libgd3_2.3.0-2ubuntu2.3_amd64.deb ...
Unpacking libgd3:amd64 (2.3.0-2ubuntu2.3) ...
Selecting previously unselected package nginx-common.
Preparing to unpack .../11-nginx-common_1.18.0-6ubuntu14.5_all.deb ...
Unpacking nginx-common (1.18.0-6ubuntu14.5) ...
Selecting previously unselected package libnginx-mod-http-geoip2.
Preparing to unpack .../12-libnginx-mod-http-geoip2_1.18.0-6ubuntu14.5_amd64.deb ...
Unpacking libnginx-mod-http-geoip2 (1.18.0-6ubuntu14.5) ...
Selecting previously unselected package libnginx-mod-http-image-filter.
Preparing to unpack .../13-libnginx-mod-http-image-filter_1.18.0-6ubuntu14.5_amd64.deb ...
Unpacking libnginx-mod-http-image-filter (1.18.0-6ubuntu14.5) ...
Selecting previously unselected package libnginx-mod-http-xslt-filter.
Preparing to unpack .../14-libnginx-mod-http-xslt-filter_1.18.0-6ubuntu14.5_amd64.deb ...
Unpacking libnginx-mod-http-xslt-filter (1.18.0-6ubuntu14.5) ...
Selecting previously unselected package libnginx-mod-mail.
Preparing to unpack .../15-libnginx-mod-mail_1.18.0-6ubuntu14.5_amd64.deb ...
Unpacking libnginx-mod-mail (1.18.0-6ubuntu14.5) ...
Selecting previously unselected package libnginx-mod-stream.
Preparing to unpack .../16-libnginx-mod-stream_1.18.0-6ubuntu14.5_amd64.deb ...
Unpacking libnginx-mod-stream (1.18.0-6ubuntu14.5) ...
Selecting previously unselected package libnginx-mod-stream-geoip2.
Preparing to unpack .../17-libnginx-mod-stream-geoip2_1.18.0-6ubuntu14.5_amd64.deb ...
Unpacking libnginx-mod-stream-geoip2 (1.18.0-6ubuntu14.5) ...
Selecting previously unselected package nginx-core.
Preparing to unpack .../18-nginx-core_1.18.0-6ubuntu14.5_amd64.deb ...
Unpacking nginx-core (1.18.0-6ubuntu14.5) ...
Selecting previously unselected package nginx.
Preparing to unpack .../19-nginx_1.18.0-6ubuntu14.5_amd64.deb ...
Unpacking nginx (1.18.0-6ubuntu14.5) ...
Setting up libxpm4:amd64 (1:3.5.12-1ubuntu0.22.04.2) ...
Setting up libdeflate0:amd64 (1.10-2) ...
Setting up nginx-common (1.18.0-6ubuntu14.5) ...
Created symlink /etc/systemd/system/multi-user.target.wants/nginx.service → /lib/systemd/system/nginx.service.
Setting up libjbig0:amd64 (2.1-3.1ubuntu0.22.04.1) ...
Setting up libnginx-mod-http-xslt-filter (1.18.0-6ubuntu14.5) ...
Setting up fonts-dejavu-core (2.37-2build1) ...
Setting up libjpeg-turbo8:amd64 (2.1.2-0ubuntu1) ...
Setting up libwebp7:amd64 (1.2.2-2ubuntu0.22.04.2) ...
Setting up libnginx-mod-http-geoip2 (1.18.0-6ubuntu14.5) ...
Setting up libjpeg8:amd64 (8c-2ubuntu10) ...
Setting up libnginx-mod-mail (1.18.0-6ubuntu14.5) ...
Setting up fontconfig-config (2.13.1-4.2ubuntu5) ...
Setting up libnginx-mod-stream (1.18.0-6ubuntu14.5) ...
Setting up libtiff5:amd64 (4.3.0-6ubuntu0.10) ...
Setting up libfontconfig1:amd64 (2.13.1-4.2ubuntu5) ...
Setting up libnginx-mod-stream-geoip2 (1.18.0-6ubuntu14.5) ...
Setting up libgd3:amd64 (2.3.0-2ubuntu2.3) ...
Setting up libnginx-mod-http-image-filter (1.18.0-6ubuntu14.5) ...
Setting up nginx-core (1.18.0-6ubuntu14.5) ...
 * Upgrading binary nginx                                                                                                       [ OK ]
Setting up nginx (1.18.0-6ubuntu14.5) ...
Processing triggers for ufw (0.36.1-4ubuntu0.1) ...
Processing triggers for man-db (2.10.2-1) ...
Processing triggers for libc-bin (2.35-0ubuntu3.8) ...
Scanning processes...
Scanning candidates...
Scanning linux images...

Running kernel seems to be up-to-date.

Restarting services...
Service restarts being deferred:
 /etc/needrestart/restart.d/dbus.service
 systemctl restart networkd-dispatcher.service
 systemctl restart unattended-upgrades.service

No containers need to be restarted.

No user sessions are running outdated binaries.

No VM guests are running outdated hypervisor (qemu) binaries on this host.
$ sudo ufw allow 'Nginx Full'
Rules updated
Rules updated (v6)
$ sudo apt-get install mysql-server
Reading package lists... Done
Building dependency tree... Done
Reading state information... Done
The following additional packages will be installed:
  libcgi-fast-perl libcgi-pm-perl libclone-perl libencode-locale-perl libevent-pthreads-2.1-7 libfcgi-bin libfcgi-perl libfcgi0ldbl
  libhtml-parser-perl libhtml-tagset-perl libhtml-template-perl libhttp-date-perl libhttp-message-perl libio-html-perl
  liblwp-mediatypes-perl libmecab2 libprotobuf-lite23 libtimedate-perl liburi-perl mecab-ipadic mecab-ipadic-utf8 mecab-utils
  mysql-client-8.0 mysql-client-core-8.0 mysql-common mysql-server-8.0 mysql-server-core-8.0
Suggested packages:
  libdata-dump-perl libipc-sharedcache-perl libbusiness-isbn-perl libwww-perl mailx tinyca
The following NEW packages will be installed:
  libcgi-fast-perl libcgi-pm-perl libclone-perl libencode-locale-perl libevent-pthreads-2.1-7 libfcgi-bin libfcgi-perl libfcgi0ldbl
  libhtml-parser-perl libhtml-tagset-perl libhtml-template-perl libhttp-date-perl libhttp-message-perl libio-html-perl
  liblwp-mediatypes-perl libmecab2 libprotobuf-lite23 libtimedate-perl liburi-perl mecab-ipadic mecab-ipadic-utf8 mecab-utils
  mysql-client-8.0 mysql-client-core-8.0 mysql-common mysql-server mysql-server-8.0 mysql-server-core-8.0
0 upgraded, 28 newly installed, 0 to remove and 4 not upgraded.
Need to get 29.6 MB of archives.
After this operation, 243 MB of additional disk space will be used.
Do you want to continue? [Y/n] y
Get:1 http://ap-south-1.ec2.archive.ubuntu.com/ubuntu jammy/main amd64 mysql-common all 5.8+1.0.8 [7212 B]
Get:2 http://ap-south-1.ec2.archive.ubuntu.com/ubuntu jammy-updates/main amd64 mysql-client-core-8.0 amd64 8.0.40-0ubuntu0.22.04.1 [2715 kB]
Get:3 http://ap-south-1.ec2.archive.ubuntu.com/ubuntu jammy-updates/main amd64 mysql-client-8.0 amd64 8.0.40-0ubuntu0.22.04.1 [22.7 kB]
Get:4 http://ap-south-1.ec2.archive.ubuntu.com/ubuntu jammy/main amd64 libevent-pthreads-2.1-7 amd64 2.1.12-stable-1build3 [7642 B]
Get:5 http://ap-south-1.ec2.archive.ubuntu.com/ubuntu jammy/main amd64 libmecab2 amd64 0.996-14build9 [199 kB]
Get:6 http://ap-south-1.ec2.archive.ubuntu.com/ubuntu jammy-updates/main amd64 libprotobuf-lite23 amd64 3.12.4-1ubuntu7.22.04.1 [209 kB]
Get:7 http://ap-south-1.ec2.archive.ubuntu.com/ubuntu jammy-updates/main amd64 mysql-server-core-8.0 amd64 8.0.40-0ubuntu0.22.04.1 [17.6 MB]
Get:8 http://ap-south-1.ec2.archive.ubuntu.com/ubuntu jammy-updates/main amd64 mysql-server-8.0 amd64 8.0.40-0ubuntu0.22.04.1 [1441 kB]
Get:9 http://ap-south-1.ec2.archive.ubuntu.com/ubuntu jammy/main amd64 libhtml-tagset-perl all 3.20-4 [12.5 kB]
Get:10 http://ap-south-1.ec2.archive.ubuntu.com/ubuntu jammy/main amd64 liburi-perl all 5.10-1 [78.8 kB]
Get:11 http://ap-south-1.ec2.archive.ubuntu.com/ubuntu jammy/main amd64 libhtml-parser-perl amd64 3.76-1build2 [88.4 kB]
Get:12 http://ap-south-1.ec2.archive.ubuntu.com/ubuntu jammy/main amd64 libcgi-pm-perl all 4.54-1 [188 kB]
Get:13 http://ap-south-1.ec2.archive.ubuntu.com/ubuntu jammy/main amd64 libfcgi0ldbl amd64 2.4.2-2build2 [28.0 kB]
Get:14 http://ap-south-1.ec2.archive.ubuntu.com/ubuntu jammy/main amd64 libfcgi-perl amd64 0.82+ds-1build1 [22.8 kB]
Get:15 http://ap-south-1.ec2.archive.ubuntu.com/ubuntu jammy/main amd64 libcgi-fast-perl all 1:2.15-1 [10.5 kB]
Get:16 http://ap-south-1.ec2.archive.ubuntu.com/ubuntu jammy/main amd64 libclone-perl amd64 0.45-1build3 [11.0 kB]
Get:17 http://ap-south-1.ec2.archive.ubuntu.com/ubuntu jammy/main amd64 libencode-locale-perl all 1.05-1.1 [11.8 kB]
Get:18 http://ap-south-1.ec2.archive.ubuntu.com/ubuntu jammy/main amd64 libfcgi-bin amd64 2.4.2-2build2 [11.2 kB]
Get:19 http://ap-south-1.ec2.archive.ubuntu.com/ubuntu jammy/main amd64 libhtml-template-perl all 2.97-1.1 [59.1 kB]
Get:20 http://ap-south-1.ec2.archive.ubuntu.com/ubuntu jammy/main amd64 libtimedate-perl all 2.3300-2 [34.0 kB]
Get:21 http://ap-south-1.ec2.archive.ubuntu.com/ubuntu jammy/main amd64 libhttp-date-perl all 6.05-1 [9920 B]
Get:22 http://ap-south-1.ec2.archive.ubuntu.com/ubuntu jammy/main amd64 libio-html-perl all 1.004-2 [15.4 kB]
Get:23 http://ap-south-1.ec2.archive.ubuntu.com/ubuntu jammy/main amd64 liblwp-mediatypes-perl all 6.04-1 [19.5 kB]
Get:24 http://ap-south-1.ec2.archive.ubuntu.com/ubuntu jammy/main amd64 libhttp-message-perl all 6.36-1 [76.8 kB]
Get:25 http://ap-south-1.ec2.archive.ubuntu.com/ubuntu jammy/main amd64 mecab-utils amd64 0.996-14build9 [4850 B]
Get:26 http://ap-south-1.ec2.archive.ubuntu.com/ubuntu jammy/main amd64 mecab-ipadic all 2.7.0-20070801+main-3 [6718 kB]
Get:27 http://ap-south-1.ec2.archive.ubuntu.com/ubuntu jammy/main amd64 mecab-ipadic-utf8 all 2.7.0-20070801+main-3 [4384 B]
Get:28 http://ap-south-1.ec2.archive.ubuntu.com/ubuntu jammy-updates/main amd64 mysql-server all 8.0.40-0ubuntu0.22.04.1 [9464 B]
Fetched 29.6 MB in 0s (67.9 MB/s)
Preconfiguring packages ...
Selecting previously unselected package mysql-common.
(Reading database ... 66031 files and directories currently installed.)
Preparing to unpack .../0-mysql-common_5.8+1.0.8_all.deb ...
Unpacking mysql-common (5.8+1.0.8) ...
Selecting previously unselected package mysql-client-core-8.0.
Preparing to unpack .../1-mysql-client-core-8.0_8.0.40-0ubuntu0.22.04.1_amd64.deb ...
Unpacking mysql-client-core-8.0 (8.0.40-0ubuntu0.22.04.1) ...
Selecting previously unselected package mysql-client-8.0.
Preparing to unpack .../2-mysql-client-8.0_8.0.40-0ubuntu0.22.04.1_amd64.deb ...
Unpacking mysql-client-8.0 (8.0.40-0ubuntu0.22.04.1) ...
Selecting previously unselected package libevent-pthreads-2.1-7:amd64.
Preparing to unpack .../3-libevent-pthreads-2.1-7_2.1.12-stable-1build3_amd64.deb ...
Unpacking libevent-pthreads-2.1-7:amd64 (2.1.12-stable-1build3) ...
Selecting previously unselected package libmecab2:amd64.
Preparing to unpack .../4-libmecab2_0.996-14build9_amd64.deb ...
Unpacking libmecab2:amd64 (0.996-14build9) ...
Selecting previously unselected package libprotobuf-lite23:amd64.
Preparing to unpack .../5-libprotobuf-lite23_3.12.4-1ubuntu7.22.04.1_amd64.deb ...
Unpacking libprotobuf-lite23:amd64 (3.12.4-1ubuntu7.22.04.1) ...
Selecting previously unselected package mysql-server-core-8.0.
Preparing to unpack .../6-mysql-server-core-8.0_8.0.40-0ubuntu0.22.04.1_amd64.deb ...
Unpacking mysql-server-core-8.0 (8.0.40-0ubuntu0.22.04.1) ...
Setting up mysql-common (5.8+1.0.8) ...
update-alternatives: using /etc/mysql/my.cnf.fallback to provide /etc/mysql/my.cnf (my.cnf) in auto mode
Selecting previously unselected package mysql-server-8.0.
(Reading database ... 66245 files and directories currently installed.)
Preparing to unpack .../00-mysql-server-8.0_8.0.40-0ubuntu0.22.04.1_amd64.deb ...
Unpacking mysql-server-8.0 (8.0.40-0ubuntu0.22.04.1) ...
Selecting previously unselected package libhtml-tagset-perl.
Preparing to unpack .../01-libhtml-tagset-perl_3.20-4_all.deb ...
Unpacking libhtml-tagset-perl (3.20-4) ...
Selecting previously unselected package liburi-perl.
Preparing to unpack .../02-liburi-perl_5.10-1_all.deb ...
Unpacking liburi-perl (5.10-1) ...
Selecting previously unselected package libhtml-parser-perl:amd64.
Preparing to unpack .../03-libhtml-parser-perl_3.76-1build2_amd64.deb ...
Unpacking libhtml-parser-perl:amd64 (3.76-1build2) ...
Selecting previously unselected package libcgi-pm-perl.
Preparing to unpack .../04-libcgi-pm-perl_4.54-1_all.deb ...
Unpacking libcgi-pm-perl (4.54-1) ...
Selecting previously unselected package libfcgi0ldbl:amd64.
Preparing to unpack .../05-libfcgi0ldbl_2.4.2-2build2_amd64.deb ...
Unpacking libfcgi0ldbl:amd64 (2.4.2-2build2) ...
Selecting previously unselected package libfcgi-perl:amd64.
Preparing to unpack .../06-libfcgi-perl_0.82+ds-1build1_amd64.deb ...
Unpacking libfcgi-perl:amd64 (0.82+ds-1build1) ...
Selecting previously unselected package libcgi-fast-perl.
Preparing to unpack .../07-libcgi-fast-perl_1%3a2.15-1_all.deb ...
Unpacking libcgi-fast-perl (1:2.15-1) ...
Selecting previously unselected package libclone-perl.
Preparing to unpack .../08-libclone-perl_0.45-1build3_amd64.deb ...
Unpacking libclone-perl (0.45-1build3) ...
Selecting previously unselected package libencode-locale-perl.
Preparing to unpack .../09-libencode-locale-perl_1.05-1.1_all.deb ...
Unpacking libencode-locale-perl (1.05-1.1) ...
Selecting previously unselected package libfcgi-bin.
Preparing to unpack .../10-libfcgi-bin_2.4.2-2build2_amd64.deb ...
Unpacking libfcgi-bin (2.4.2-2build2) ...
Selecting previously unselected package libhtml-template-perl.
Preparing to unpack .../11-libhtml-template-perl_2.97-1.1_all.deb ...
Unpacking libhtml-template-perl (2.97-1.1) ...
Selecting previously unselected package libtimedate-perl.
Preparing to unpack .../12-libtimedate-perl_2.3300-2_all.deb ...
Unpacking libtimedate-perl (2.3300-2) ...
Selecting previously unselected package libhttp-date-perl.
Preparing to unpack .../13-libhttp-date-perl_6.05-1_all.deb ...
Unpacking libhttp-date-perl (6.05-1) ...
Selecting previously unselected package libio-html-perl.
Preparing to unpack .../14-libio-html-perl_1.004-2_all.deb ...
Unpacking libio-html-perl (1.004-2) ...
Selecting previously unselected package liblwp-mediatypes-perl.
Preparing to unpack .../15-liblwp-mediatypes-perl_6.04-1_all.deb ...
Unpacking liblwp-mediatypes-perl (6.04-1) ...
Selecting previously unselected package libhttp-message-perl.
Preparing to unpack .../16-libhttp-message-perl_6.36-1_all.deb ...
Unpacking libhttp-message-perl (6.36-1) ...
Selecting previously unselected package mecab-utils.
Preparing to unpack .../17-mecab-utils_0.996-14build9_amd64.deb ...
Unpacking mecab-utils (0.996-14build9) ...
Selecting previously unselected package mecab-ipadic.
Preparing to unpack .../18-mecab-ipadic_2.7.0-20070801+main-3_all.deb ...
Unpacking mecab-ipadic (2.7.0-20070801+main-3) ...
Selecting previously unselected package mecab-ipadic-utf8.
Preparing to unpack .../19-mecab-ipadic-utf8_2.7.0-20070801+main-3_all.deb ...
Unpacking mecab-ipadic-utf8 (2.7.0-20070801+main-3) ...
Selecting previously unselected package mysql-server.
Preparing to unpack .../20-mysql-server_8.0.40-0ubuntu0.22.04.1_all.deb ...
Unpacking mysql-server (8.0.40-0ubuntu0.22.04.1) ...
Setting up libmecab2:amd64 (0.996-14build9) ...
Setting up mysql-client-core-8.0 (8.0.40-0ubuntu0.22.04.1) ...
Setting up libfcgi0ldbl:amd64 (2.4.2-2build2) ...
Setting up libclone-perl (0.45-1build3) ...
Setting up libhtml-tagset-perl (3.20-4) ...
Setting up liblwp-mediatypes-perl (6.04-1) ...
Setting up libfcgi-bin (2.4.2-2build2) ...
Setting up libencode-locale-perl (1.05-1.1) ...
Setting up libprotobuf-lite23:amd64 (3.12.4-1ubuntu7.22.04.1) ...
Setting up mecab-utils (0.996-14build9) ...
Setting up libio-html-perl (1.004-2) ...
Setting up libtimedate-perl (2.3300-2) ...
Setting up mysql-client-8.0 (8.0.40-0ubuntu0.22.04.1) ...
Setting up libfcgi-perl:amd64 (0.82+ds-1build1) ...
Setting up liburi-perl (5.10-1) ...
Setting up libevent-pthreads-2.1-7:amd64 (2.1.12-stable-1build3) ...
Setting up libhttp-date-perl (6.05-1) ...
Setting up mecab-ipadic (2.7.0-20070801+main-3) ...
Compiling IPA dictionary for Mecab.  This takes long time...
reading /usr/share/mecab/dic/ipadic/unk.def ... 40
emitting double-array: 100% |###########################################|
/usr/share/mecab/dic/ipadic/model.def is not found. skipped.
reading /usr/share/mecab/dic/ipadic/Noun.csv ... 60477
reading /usr/share/mecab/dic/ipadic/Noun.adverbal.csv ... 795
reading /usr/share/mecab/dic/ipadic/Noun.others.csv ... 151
reading /usr/share/mecab/dic/ipadic/Adverb.csv ... 3032
reading /usr/share/mecab/dic/ipadic/Noun.name.csv ... 34202
reading /usr/share/mecab/dic/ipadic/Noun.proper.csv ... 27328
reading /usr/share/mecab/dic/ipadic/Interjection.csv ... 252
reading /usr/share/mecab/dic/ipadic/Noun.demonst.csv ... 120
reading /usr/share/mecab/dic/ipadic/Noun.place.csv ... 72999
reading /usr/share/mecab/dic/ipadic/Others.csv ... 2
reading /usr/share/mecab/dic/ipadic/Postp.csv ... 146
reading /usr/share/mecab/dic/ipadic/Noun.number.csv ... 42
reading /usr/share/mecab/dic/ipadic/Postp-col.csv ... 91
reading /usr/share/mecab/dic/ipadic/Prefix.csv ... 221
reading /usr/share/mecab/dic/ipadic/Conjunction.csv ... 171
reading /usr/share/mecab/dic/ipadic/Symbol.csv ... 208
reading /usr/share/mecab/dic/ipadic/Auxil.csv ... 199
reading /usr/share/mecab/dic/ipadic/Adj.csv ... 27210
reading /usr/share/mecab/dic/ipadic/Adnominal.csv ... 135
reading /usr/share/mecab/dic/ipadic/Verb.csv ... 130750
reading /usr/share/mecab/dic/ipadic/Filler.csv ... 19
reading /usr/share/mecab/dic/ipadic/Noun.nai.csv ... 42
reading /usr/share/mecab/dic/ipadic/Noun.org.csv ... 16668
reading /usr/share/mecab/dic/ipadic/Noun.verbal.csv ... 12146
reading /usr/share/mecab/dic/ipadic/Suffix.csv ... 1393
reading /usr/share/mecab/dic/ipadic/Noun.adjv.csv ... 3328
emitting double-array: 100% |###########################################|
reading /usr/share/mecab/dic/ipadic/matrix.def ... 1316x1316
emitting matrix      : 100% |###########################################|

done!
update-alternatives: using /var/lib/mecab/dic/ipadic to provide /var/lib/mecab/dic/debian (mecab-dictionary) in auto mode
Setting up mysql-server-core-8.0 (8.0.40-0ubuntu0.22.04.1) ...
Setting up mecab-ipadic-utf8 (2.7.0-20070801+main-3) ...
Compiling IPA dictionary for Mecab.  This takes long time...
reading /usr/share/mecab/dic/ipadic/unk.def ... 40
emitting double-array: 100% |###########################################|
/usr/share/mecab/dic/ipadic/model.def is not found. skipped.
reading /usr/share/mecab/dic/ipadic/Noun.csv ... 60477
reading /usr/share/mecab/dic/ipadic/Noun.adverbal.csv ... 795
reading /usr/share/mecab/dic/ipadic/Noun.others.csv ... 151
reading /usr/share/mecab/dic/ipadic/Adverb.csv ... 3032
reading /usr/share/mecab/dic/ipadic/Noun.name.csv ... 34202
reading /usr/share/mecab/dic/ipadic/Noun.proper.csv ... 27328
reading /usr/share/mecab/dic/ipadic/Interjection.csv ... 252
reading /usr/share/mecab/dic/ipadic/Noun.demonst.csv ... 120
reading /usr/share/mecab/dic/ipadic/Noun.place.csv ... 72999
reading /usr/share/mecab/dic/ipadic/Others.csv ... 2
reading /usr/share/mecab/dic/ipadic/Postp.csv ... 146
reading /usr/share/mecab/dic/ipadic/Noun.number.csv ... 42
reading /usr/share/mecab/dic/ipadic/Postp-col.csv ... 91
reading /usr/share/mecab/dic/ipadic/Prefix.csv ... 221
reading /usr/share/mecab/dic/ipadic/Conjunction.csv ... 171
reading /usr/share/mecab/dic/ipadic/Symbol.csv ... 208
reading /usr/share/mecab/dic/ipadic/Auxil.csv ... 199
reading /usr/share/mecab/dic/ipadic/Adj.csv ... 27210
reading /usr/share/mecab/dic/ipadic/Adnominal.csv ... 135
reading /usr/share/mecab/dic/ipadic/Verb.csv ... 130750
reading /usr/share/mecab/dic/ipadic/Filler.csv ... 19
reading /usr/share/mecab/dic/ipadic/Noun.nai.csv ... 42
reading /usr/share/mecab/dic/ipadic/Noun.org.csv ... 16668
reading /usr/share/mecab/dic/ipadic/Noun.verbal.csv ... 12146
reading /usr/share/mecab/dic/ipadic/Suffix.csv ... 1393
reading /usr/share/mecab/dic/ipadic/Noun.adjv.csv ... 3328
emitting double-array: 100% |###########################################|
reading /usr/share/mecab/dic/ipadic/matrix.def ... 1316x1316
emitting matrix      : 100% |###########################################|

done!
update-alternatives: using /var/lib/mecab/dic/ipadic-utf8 to provide /var/lib/mecab/dic/debian (mecab-dictionary) in auto mode
Setting up libhtml-parser-perl:amd64 (3.76-1build2) ...
Setting up libhttp-message-perl (6.36-1) ...
Setting up mysql-server-8.0 (8.0.40-0ubuntu0.22.04.1) ...
update-alternatives: using /etc/mysql/mysql.cnf to provide /etc/mysql/my.cnf (my.cnf) in auto mode
Renaming removed key_buffer and myisam-recover options (if present)
mysqld will log errors to /var/log/mysql/error.log
mysqld is running as pid 9143
Created symlink /etc/systemd/system/multi-user.target.wants/mysql.service → /lib/systemd/system/mysql.service.
Setting up libcgi-pm-perl (4.54-1) ...
Setting up libhtml-template-perl (2.97-1.1) ...
Setting up mysql-server (8.0.40-0ubuntu0.22.04.1) ...
Setting up libcgi-fast-perl (1:2.15-1) ...
Processing triggers for man-db (2.10.2-1) ...
Processing triggers for libc-bin (2.35-0ubuntu3.8) ...
Scanning processes...
Scanning candidates...
Scanning linux images...

Running kernel seems to be up-to-date.

Restarting services...
Service restarts being deferred:
 /etc/needrestart/restart.d/dbus.service
 systemctl restart networkd-dispatcher.service
 systemctl restart unattended-upgrades.service

No containers need to be restarted.

No user sessions are running outdated binaries.

No VM guests are running outdated hypervisor (qemu) binaries on this host.
$ sudo mysql
Welcome to the MySQL monitor.  Commands end with ; or \g.
Your MySQL connection id is 8
Server version: 8.0.40-0ubuntu0.22.04.1 (Ubuntu)

Copyright (c) 2000, 2024, Oracle and/or its affiliates.

Oracle is a registered trademark of Oracle Corporation and/or its
affiliates. Other names may be trademarks of their respective
owners.

Type 'help;' or '\h' for help. Type '\c' to clear the current input statement.

mysql> ALTER USER 'root'@'localhost' IDENTIFIED WITH 'root' BY 'root';
ERROR 1524 (HY000): Plugin 'root' is not loaded
mysql> ALTER USER 'root'@'localhost' IDENTIFIED WITH 'mysql_native_password' BY 'root';
Query OK, 0 rows affected (0.01 sec)

mysql> FLUSH PRIVILEGES;
Query OK, 0 rows affected (0.01 sec)

mysql> exit
Bye
$ sudo apt-get update
Hit:1 http://ap-south-1.ec2.archive.ubuntu.com/ubuntu jammy InRelease
Hit:2 http://ap-south-1.ec2.archive.ubuntu.com/ubuntu jammy-updates InRelease
Hit:3 http://ap-south-1.ec2.archive.ubuntu.com/ubuntu jammy-backports InRelease
Hit:4 http://security.ubuntu.com/ubuntu jammy-security InRelease
Reading package lists... Done
$ sudo apt-get install -y ca-certificates curl gnupg
Reading package lists... Done
Building dependency tree... Done
Reading state information... Done
ca-certificates is already the newest version (20240203~22.04.1).
ca-certificates set to manually installed.
curl is already the newest version (7.81.0-1ubuntu1.20).
curl set to manually installed.
gnupg is already the newest version (2.2.27-3ubuntu2.1).
gnupg set to manually installed.
0 upgraded, 0 newly installed, 0 to remove and 4 not upgraded.
$ sudo mkdir -p /etc/apt/keyrings
$ curl -fsSL https://deb.nodesource.com/gpgkey/nodesource-repo.gpg.key | sudo gpg --dearmor -o /etc/apt/keyrings/nodesource.gpg
$ NODE_MAJOR=18
$ echo "deb [signed-by=/etc/apt/keyrings/nodesource.gpg] https://deb.nodesource.com/node_$NODE_MAJOR.x nodistro main" | sudo tee /etc/apt/sources.list.d/nodesource.list
deb [signed-by=/etc/apt/keyrings/nodesource.gpg] https://deb.nodesource.com/node_18.x nodistro main
$ sudo apt-get update
Hit:1 http://ap-south-1.ec2.archive.ubuntu.com/ubuntu jammy InRelease
Hit:2 http://ap-south-1.ec2.archive.ubuntu.com/ubuntu jammy-updates InRelease
Hit:3 http://ap-south-1.ec2.archive.ubuntu.com/ubuntu jammy-backports InRelease
Get:4 https://deb.nodesource.com/node_18.x nodistro InRelease [12.1 kB]
Hit:5 http://security.ubuntu.com/ubuntu jammy-security InRelease
Get:6 https://deb.nodesource.com/node_18.x nodistro/main amd64 Packages [10.9 kB]
Fetched 23.0 kB in 1s (29.8 kB/s)
Reading package lists... Done
$ sudo apt-get install nodejs -y
Reading package lists... Done
Building dependency tree... Done
Reading state information... Done
The following NEW packages will be installed:
  nodejs
0 upgraded, 1 newly installed, 0 to remove and 4 not upgraded.
Need to get 29.6 MB of archives.
After this operation, 187 MB of additional disk space will be used.
Get:1 https://deb.nodesource.com/node_18.x nodistro/main amd64 nodejs amd64 18.20.5-1nodesource1 [29.6 MB]
Fetched 29.6 MB in 1s (50.2 MB/s)
Selecting previously unselected package nodejs.
(Reading database ... 66633 files and directories currently installed.)
Preparing to unpack .../nodejs_18.20.5-1nodesource1_amd64.deb ...
Unpacking nodejs (18.20.5-1nodesource1) ...
Setting up nodejs (18.20.5-1nodesource1) ...
Processing triggers for man-db (2.10.2-1) ...
Scanning processes...
Scanning candidates...
Scanning linux images...

Running kernel seems to be up-to-date.

Restarting services...
Service restarts being deferred:
 /etc/needrestart/restart.d/dbus.service
 systemctl restart networkd-dispatcher.service
 systemctl restart unattended-upgrades.service

No containers need to be restarted.

No user sessions are running outdated binaries.

No VM guests are running outdated hypervisor (qemu) binaries on this host.
$ sudo npm install ghost-cli@latest -g
npm warn deprecated inflight@1.0.6: This module is not supported, and leaks memory. Do not use it. Check out lru-cache if you want a good and tested way to coalesce async requests by a key value, which is much more comprehensive and powerful.
npm warn deprecated glob@7.2.3: Glob versions prior to v9 are no longer supported

added 596 packages in 3m

153 packages are looking for funding
  run `npm fund` for details
npm notice
npm notice New major version of npm available! 10.8.2 -> 11.0.0
npm notice Changelog: https://github.com/npm/cli/releases/tag/v11.0.0
npm notice To update run: npm install -g npm@11.0.0
npm notice
$ sudo mkdir -p /var/www/sitename
$ sudo chown rahul:rahul /var/www/sitename
$ sudo chmod 775 /var/www/sitename
$ cd /var/www/sitename
$ ls
$ pwd
/var/www/sitename
$ ghost install

Love open source? We’re hiring JavaScript Engineers to work on Ghost full-time.
https://careers.ghost.org

✖ Checking for deprecations
An error occurred.
Message: 'EACCES: permission denied, mkdir '/home/rahul/.ghost''


Debug Information:
    OS: Ubuntu, v22.04.5 LTS
    Node Version: v18.20.5
    Ghost-CLI Version: 1.26.1
    Environment: production
    Command: 'ghost install'
A promise was rejected but did not have a .catch() handler:
Error: EACCES: permission denied, mkdir '/home/rahul/.ghost/logs'
    at Object.mkdirSync (node:fs:1391:3)
    at module.exports.makeDirSync (/usr/lib/node_modules/ghost-cli/node_modules/fs-extra/lib/mkdirs/make-dir.js:23:13)
    at System.writeErrorLog (/usr/lib/node_modules/ghost-cli/lib/system.js:361:12)
    at UI.error (/usr/lib/node_modules/ghost-cli/lib/ui/index.js:462:40)
    at InstallCommand._run (/usr/lib/node_modules/ghost-cli/lib/command.js:202:16)
    at process.processTicksAndRejections (node:internal/process/task_queues:95:5)
/usr/lib/node_modules/ghost-cli/lib/bootstrap.js:29
    throw reason;
    ^

Error: EACCES: permission denied, mkdir '/home/rahul/.ghost/logs'
    at Object.mkdirSync (node:fs:1391:3)
    at module.exports.makeDirSync (/usr/lib/node_modules/ghost-cli/node_modules/fs-extra/lib/mkdirs/make-dir.js:23:13)
    at System.writeErrorLog (/usr/lib/node_modules/ghost-cli/lib/system.js:361:12)
    at UI.error (/usr/lib/node_modules/ghost-cli/lib/ui/index.js:462:40)
    at InstallCommand._run (/usr/lib/node_modules/ghost-cli/lib/command.js:202:16)
    at process.processTicksAndRejections (node:internal/process/task_queues:95:5) {
  errno: -13,
  syscall: 'mkdir',
  code: 'EACCES',
  path: '/home/rahul/.ghost/logs'
}

Node.js v18.20.5

